Archive member included because of file (symbol)

d:/courses/imt course/embedded/ec_tools/tools/01- sdk/imt_sdk_win_64/winavr/bin/../lib/gcc/avr/4.3.3/avr5\libgcc.a(_mulsi3.o)
                              ./MOTOR_main.o (__mulsi3)
d:/courses/imt course/embedded/ec_tools/tools/01- sdk/imt_sdk_win_64/winavr/bin/../lib/gcc/avr/4.3.3/avr5\libgcc.a(_exit.o)
                              d:/courses/imt course/embedded/ec_tools/tools/01- sdk/imt_sdk_win_64/winavr/bin/../lib/gcc/avr/4.3.3/../../../../avr/lib/avr5/crtm32.o (exit)
d:/courses/imt course/embedded/ec_tools/tools/01- sdk/imt_sdk_win_64/winavr/bin/../lib/gcc/avr/4.3.3/avr5\libgcc.a(_copy_data.o)
                              ./MOTOR_main.o (__do_copy_data)
d:/courses/imt course/embedded/ec_tools/tools/01- sdk/imt_sdk_win_64/winavr/bin/../lib/gcc/avr/4.3.3/avr5\libgcc.a(_clear_bss.o)
                              ./ADC_prg.o (__do_clear_bss)
d:/courses/imt course/embedded/ec_tools/tools/01- sdk/imt_sdk_win_64/winavr/bin/../lib/gcc/avr/4.3.3/avr5\libgcc.a(_fixunssfsi.o)
                              ./MOTOR_main.o (__fixunssfsi)
d:/courses/imt course/embedded/ec_tools/tools/01- sdk/imt_sdk_win_64/winavr/bin/../lib/gcc/avr/4.3.3/avr5\libgcc.a(_addsub_sf.o)
                              d:/courses/imt course/embedded/ec_tools/tools/01- sdk/imt_sdk_win_64/winavr/bin/../lib/gcc/avr/4.3.3/avr5\libgcc.a(_fixunssfsi.o) (__subsf3)
d:/courses/imt course/embedded/ec_tools/tools/01- sdk/imt_sdk_win_64/winavr/bin/../lib/gcc/avr/4.3.3/avr5\libgcc.a(_mul_sf.o)
                              ./MOTOR_main.o (__mulsf3)
d:/courses/imt course/embedded/ec_tools/tools/01- sdk/imt_sdk_win_64/winavr/bin/../lib/gcc/avr/4.3.3/avr5\libgcc.a(_div_sf.o)
                              ./Stepper_prog.o (__divsf3)
d:/courses/imt course/embedded/ec_tools/tools/01- sdk/imt_sdk_win_64/winavr/bin/../lib/gcc/avr/4.3.3/avr5\libgcc.a(_gt_sf.o)
                              ./MOTOR_main.o (__gtsf2)
d:/courses/imt course/embedded/ec_tools/tools/01- sdk/imt_sdk_win_64/winavr/bin/../lib/gcc/avr/4.3.3/avr5\libgcc.a(_ge_sf.o)
                              d:/courses/imt course/embedded/ec_tools/tools/01- sdk/imt_sdk_win_64/winavr/bin/../lib/gcc/avr/4.3.3/avr5\libgcc.a(_fixunssfsi.o) (__gesf2)
d:/courses/imt course/embedded/ec_tools/tools/01- sdk/imt_sdk_win_64/winavr/bin/../lib/gcc/avr/4.3.3/avr5\libgcc.a(_lt_sf.o)
                              ./MOTOR_main.o (__ltsf2)
d:/courses/imt course/embedded/ec_tools/tools/01- sdk/imt_sdk_win_64/winavr/bin/../lib/gcc/avr/4.3.3/avr5\libgcc.a(_sf_to_si.o)
                              d:/courses/imt course/embedded/ec_tools/tools/01- sdk/imt_sdk_win_64/winavr/bin/../lib/gcc/avr/4.3.3/avr5\libgcc.a(_fixunssfsi.o) (__fixsfsi)
d:/courses/imt course/embedded/ec_tools/tools/01- sdk/imt_sdk_win_64/winavr/bin/../lib/gcc/avr/4.3.3/avr5\libgcc.a(_thenan_sf.o)
                              d:/courses/imt course/embedded/ec_tools/tools/01- sdk/imt_sdk_win_64/winavr/bin/../lib/gcc/avr/4.3.3/avr5\libgcc.a(_addsub_sf.o) (__thenan_sf)
d:/courses/imt course/embedded/ec_tools/tools/01- sdk/imt_sdk_win_64/winavr/bin/../lib/gcc/avr/4.3.3/avr5\libgcc.a(_prologue.o)
                              d:/courses/imt course/embedded/ec_tools/tools/01- sdk/imt_sdk_win_64/winavr/bin/../lib/gcc/avr/4.3.3/avr5\libgcc.a(_addsub_sf.o) (__prologue_saves__)
d:/courses/imt course/embedded/ec_tools/tools/01- sdk/imt_sdk_win_64/winavr/bin/../lib/gcc/avr/4.3.3/avr5\libgcc.a(_epilogue.o)
                              d:/courses/imt course/embedded/ec_tools/tools/01- sdk/imt_sdk_win_64/winavr/bin/../lib/gcc/avr/4.3.3/avr5\libgcc.a(_addsub_sf.o) (__epilogue_restores__)
d:/courses/imt course/embedded/ec_tools/tools/01- sdk/imt_sdk_win_64/winavr/bin/../lib/gcc/avr/4.3.3/avr5\libgcc.a(_pack_sf.o)
                              d:/courses/imt course/embedded/ec_tools/tools/01- sdk/imt_sdk_win_64/winavr/bin/../lib/gcc/avr/4.3.3/avr5\libgcc.a(_addsub_sf.o) (__pack_f)
d:/courses/imt course/embedded/ec_tools/tools/01- sdk/imt_sdk_win_64/winavr/bin/../lib/gcc/avr/4.3.3/avr5\libgcc.a(_unpack_sf.o)
                              d:/courses/imt course/embedded/ec_tools/tools/01- sdk/imt_sdk_win_64/winavr/bin/../lib/gcc/avr/4.3.3/avr5\libgcc.a(_addsub_sf.o) (__unpack_f)
d:/courses/imt course/embedded/ec_tools/tools/01- sdk/imt_sdk_win_64/winavr/bin/../lib/gcc/avr/4.3.3/avr5\libgcc.a(_fpcmp_parts_sf.o)
                              d:/courses/imt course/embedded/ec_tools/tools/01- sdk/imt_sdk_win_64/winavr/bin/../lib/gcc/avr/4.3.3/avr5\libgcc.a(_gt_sf.o) (__fpcmp_parts_f)

Allocating common symbols
Common symbol       size              file

Data_in             0x1               ./Stepper_prog.o
EXTI_CallBack       0x2               ./EXTI_prg.o
y2                  0x2               ./Stepper_prog.o
CallBackReceive     0x2               ./UART_prg.o
CallBackPointer     0xa               ./prog.o
y1                  0x2               ./Stepper_prog.o

Memory Configuration

Name             Origin             Length             Attributes
text             0x00000000         0x00020000         xr
data             0x00800060         0x0000ffa0         rw !x
eeprom           0x00810000         0x00010000         rw !x
fuse             0x00820000         0x00000400         rw !x
lock             0x00830000         0x00000400         rw !x
signature        0x00840000         0x00000400         rw !x
*default*        0x00000000         0xffffffff

Linker script and memory map

LOAD d:/courses/imt course/embedded/ec_tools/tools/01- sdk/imt_sdk_win_64/winavr/bin/../lib/gcc/avr/4.3.3/../../../../avr/lib/avr5/crtm32.o
LOAD ./ADC_prg.o
LOAD ./DIO_prg.o
LOAD ./EXTI_prg.o
LOAD ./MOTOR_main.o
LOAD ./MOTOR_prog.o
LOAD ./Stepper_prog.o
LOAD ./UART_prg.o
LOAD ./prog.o
LOAD d:/courses/imt course/embedded/ec_tools/tools/01- sdk/imt_sdk_win_64/winavr/bin/../lib/gcc/avr/4.3.3/avr5\libgcc.a
LOAD d:/courses/imt course/embedded/ec_tools/tools/01- sdk/imt_sdk_win_64/winavr/bin/../lib/gcc/avr/4.3.3/../../../../avr/lib/avr5\libc.a
LOAD d:/courses/imt course/embedded/ec_tools/tools/01- sdk/imt_sdk_win_64/winavr/bin/../lib/gcc/avr/4.3.3/avr5\libgcc.a

.hash
 *(.hash)

.dynsym
 *(.dynsym)

.dynstr
 *(.dynstr)

.gnu.version
 *(.gnu.version)

.gnu.version_d
 *(.gnu.version_d)

.gnu.version_r
 *(.gnu.version_r)

.rel.init
 *(.rel.init)

.rela.init
 *(.rela.init)

.rel.text
 *(.rel.text)
 *(.rel.text.*)
 *(.rel.gnu.linkonce.t*)

.rela.text
 *(.rela.text)
 *(.rela.text.*)
 *(.rela.gnu.linkonce.t*)

.rel.fini
 *(.rel.fini)

.rela.fini
 *(.rela.fini)

.rel.rodata
 *(.rel.rodata)
 *(.rel.rodata.*)
 *(.rel.gnu.linkonce.r*)

.rela.rodata
 *(.rela.rodata)
 *(.rela.rodata.*)
 *(.rela.gnu.linkonce.r*)

.rel.data
 *(.rel.data)
 *(.rel.data.*)
 *(.rel.gnu.linkonce.d*)

.rela.data
 *(.rela.data)
 *(.rela.data.*)
 *(.rela.gnu.linkonce.d*)

.rel.ctors
 *(.rel.ctors)

.rela.ctors
 *(.rela.ctors)

.rel.dtors
 *(.rel.dtors)

.rela.dtors
 *(.rela.dtors)

.rel.got
 *(.rel.got)

.rela.got
 *(.rela.got)

.rel.bss
 *(.rel.bss)

.rela.bss
 *(.rela.bss)

.rel.plt
 *(.rel.plt)

.rela.plt
 *(.rela.plt)

.text           0x00000000     0x37c4
 *(.vectors)
 .vectors       0x00000000       0x54 d:/courses/imt course/embedded/ec_tools/tools/01- sdk/imt_sdk_win_64/winavr/bin/../lib/gcc/avr/4.3.3/../../../../avr/lib/avr5/crtm32.o
                0x00000000                __vectors
                0x00000000                __vector_default
 *(.vectors)
 *(.progmem.gcc*)
 *(.progmem*)
                0x00000054                . = ALIGN (0x2)
                0x00000054                __trampolines_start = .
 *(.trampolines)
 .trampolines   0x00000054        0x0 linker stubs
 *(.trampolines*)
                0x00000054                __trampolines_end = .
 *(.jumptables)
 *(.jumptables*)
 *(.lowtext)
 *(.lowtext*)
                0x00000054                __ctors_start = .
 *(.ctors)
                0x00000054                __ctors_end = .
                0x00000054                __dtors_start = .
 *(.dtors)
                0x00000054                __dtors_end = .
 SORT(*)(.ctors)
 SORT(*)(.dtors)
 *(.init0)
 .init0         0x00000054        0x0 d:/courses/imt course/embedded/ec_tools/tools/01- sdk/imt_sdk_win_64/winavr/bin/../lib/gcc/avr/4.3.3/../../../../avr/lib/avr5/crtm32.o
                0x00000054                __init
 *(.init0)
 *(.init1)
 *(.init1)
 *(.init2)
 .init2         0x00000054        0xc d:/courses/imt course/embedded/ec_tools/tools/01- sdk/imt_sdk_win_64/winavr/bin/../lib/gcc/avr/4.3.3/../../../../avr/lib/avr5/crtm32.o
 *(.init2)
 *(.init3)
 *(.init3)
 *(.init4)
 .init4         0x00000060       0x16 d:/courses/imt course/embedded/ec_tools/tools/01- sdk/imt_sdk_win_64/winavr/bin/../lib/gcc/avr/4.3.3/avr5\libgcc.a(_copy_data.o)
                0x00000060                __do_copy_data
 .init4         0x00000076       0x10 d:/courses/imt course/embedded/ec_tools/tools/01- sdk/imt_sdk_win_64/winavr/bin/../lib/gcc/avr/4.3.3/avr5\libgcc.a(_clear_bss.o)
                0x00000076                __do_clear_bss
 *(.init4)
 *(.init5)
 *(.init5)
 *(.init6)
 *(.init6)
 *(.init7)
 *(.init7)
 *(.init8)
 *(.init8)
 *(.init9)
 .init9         0x00000086        0x8 d:/courses/imt course/embedded/ec_tools/tools/01- sdk/imt_sdk_win_64/winavr/bin/../lib/gcc/avr/4.3.3/../../../../avr/lib/avr5/crtm32.o
 *(.init9)
 *(.text)
 .text          0x0000008e        0x4 d:/courses/imt course/embedded/ec_tools/tools/01- sdk/imt_sdk_win_64/winavr/bin/../lib/gcc/avr/4.3.3/../../../../avr/lib/avr5/crtm32.o
                0x0000008e                __vector_12
                0x0000008e                __bad_interrupt
                0x0000008e                __vector_6
                0x0000008e                __vector_3
                0x0000008e                __vector_17
                0x0000008e                __vector_19
                0x0000008e                __vector_7
                0x0000008e                __vector_5
                0x0000008e                __vector_4
                0x0000008e                __vector_9
                0x0000008e                __vector_2
                0x0000008e                __vector_15
                0x0000008e                __vector_8
                0x0000008e                __vector_14
                0x0000008e                __vector_18
                0x0000008e                __vector_20
 .text          0x00000092        0x0 ./ADC_prg.o
 .text          0x00000092        0x0 ./DIO_prg.o
 .text          0x00000092        0x0 ./EXTI_prg.o
 .text          0x00000092        0x0 ./MOTOR_main.o
 .text          0x00000092        0x0 ./MOTOR_prog.o
 .text          0x00000092        0x0 ./Stepper_prog.o
 .text          0x00000092        0x0 ./UART_prg.o
 .text          0x00000092        0x0 ./prog.o
 .text          0x00000092        0x0 d:/courses/imt course/embedded/ec_tools/tools/01- sdk/imt_sdk_win_64/winavr/bin/../lib/gcc/avr/4.3.3/avr5\libgcc.a(_mulsi3.o)
 .text          0x00000092        0x0 d:/courses/imt course/embedded/ec_tools/tools/01- sdk/imt_sdk_win_64/winavr/bin/../lib/gcc/avr/4.3.3/avr5\libgcc.a(_exit.o)
 .text          0x00000092        0x0 d:/courses/imt course/embedded/ec_tools/tools/01- sdk/imt_sdk_win_64/winavr/bin/../lib/gcc/avr/4.3.3/avr5\libgcc.a(_copy_data.o)
 .text          0x00000092        0x0 d:/courses/imt course/embedded/ec_tools/tools/01- sdk/imt_sdk_win_64/winavr/bin/../lib/gcc/avr/4.3.3/avr5\libgcc.a(_clear_bss.o)
 .text          0x00000092       0x58 d:/courses/imt course/embedded/ec_tools/tools/01- sdk/imt_sdk_win_64/winavr/bin/../lib/gcc/avr/4.3.3/avr5\libgcc.a(_fixunssfsi.o)
                0x00000092                __fixunssfsi
 .text          0x000000ea      0x354 d:/courses/imt course/embedded/ec_tools/tools/01- sdk/imt_sdk_win_64/winavr/bin/../lib/gcc/avr/4.3.3/avr5\libgcc.a(_addsub_sf.o)
                0x00000382                __subsf3
                0x000003e4                __addsf3
 .text          0x0000043e      0x1f4 d:/courses/imt course/embedded/ec_tools/tools/01- sdk/imt_sdk_win_64/winavr/bin/../lib/gcc/avr/4.3.3/avr5\libgcc.a(_mul_sf.o)
                0x0000043e                __mulsf3
 .text          0x00000632      0x158 d:/courses/imt course/embedded/ec_tools/tools/01- sdk/imt_sdk_win_64/winavr/bin/../lib/gcc/avr/4.3.3/avr5\libgcc.a(_div_sf.o)
                0x00000632                __divsf3
 .text          0x0000078a       0x60 d:/courses/imt course/embedded/ec_tools/tools/01- sdk/imt_sdk_win_64/winavr/bin/../lib/gcc/avr/4.3.3/avr5\libgcc.a(_gt_sf.o)
                0x0000078a                __gtsf2
 .text          0x000007ea       0x60 d:/courses/imt course/embedded/ec_tools/tools/01- sdk/imt_sdk_win_64/winavr/bin/../lib/gcc/avr/4.3.3/avr5\libgcc.a(_ge_sf.o)
                0x000007ea                __gesf2
 .text          0x0000084a       0x60 d:/courses/imt course/embedded/ec_tools/tools/01- sdk/imt_sdk_win_64/winavr/bin/../lib/gcc/avr/4.3.3/avr5\libgcc.a(_lt_sf.o)
                0x0000084a                __ltsf2
 .text          0x000008aa       0xa8 d:/courses/imt course/embedded/ec_tools/tools/01- sdk/imt_sdk_win_64/winavr/bin/../lib/gcc/avr/4.3.3/avr5\libgcc.a(_sf_to_si.o)
                0x000008aa                __fixsfsi
 .text          0x00000952        0x0 d:/courses/imt course/embedded/ec_tools/tools/01- sdk/imt_sdk_win_64/winavr/bin/../lib/gcc/avr/4.3.3/avr5\libgcc.a(_thenan_sf.o)
 .text          0x00000952        0x0 d:/courses/imt course/embedded/ec_tools/tools/01- sdk/imt_sdk_win_64/winavr/bin/../lib/gcc/avr/4.3.3/avr5\libgcc.a(_prologue.o)
 .text          0x00000952        0x0 d:/courses/imt course/embedded/ec_tools/tools/01- sdk/imt_sdk_win_64/winavr/bin/../lib/gcc/avr/4.3.3/avr5\libgcc.a(_epilogue.o)
 .text          0x00000952      0x1aa d:/courses/imt course/embedded/ec_tools/tools/01- sdk/imt_sdk_win_64/winavr/bin/../lib/gcc/avr/4.3.3/avr5\libgcc.a(_pack_sf.o)
                0x00000952                __pack_f
 .text          0x00000afc       0xf0 d:/courses/imt course/embedded/ec_tools/tools/01- sdk/imt_sdk_win_64/winavr/bin/../lib/gcc/avr/4.3.3/avr5\libgcc.a(_unpack_sf.o)
                0x00000afc                __unpack_f
 .text          0x00000bec       0xb2 d:/courses/imt course/embedded/ec_tools/tools/01- sdk/imt_sdk_win_64/winavr/bin/../lib/gcc/avr/4.3.3/avr5\libgcc.a(_fpcmp_parts_sf.o)
                0x00000bec                __fpcmp_parts_f
                0x00000c9e                . = ALIGN (0x2)
 *(.text.*)
 .text.ADC_voidInit
                0x00000c9e       0x8c ./ADC_prg.o
                0x00000c9e                ADC_voidInit
 .text.ADC_voidEnableInt
                0x00000d2a       0x1c ./ADC_prg.o
                0x00000d2a                ADC_voidEnableInt
 .text.ADC_voidDisableInt
                0x00000d46       0x1c ./ADC_prg.o
                0x00000d46                ADC_voidDisableInt
 .text.ADC_voidSetCallBack
                0x00000d62       0x24 ./ADC_prg.o
                0x00000d62                ADC_voidSetCallBack
 .text.ADC_voidEnableADC
                0x00000d86       0x1c ./ADC_prg.o
                0x00000d86                ADC_voidEnableADC
 .text.ADC_voidDisableADC
                0x00000da2       0x1c ./ADC_prg.o
                0x00000da2                ADC_voidDisableADC
 .text.ADC_uint8GetConversionValue
                0x00000dbe       0x9e ./ADC_prg.o
                0x00000dbe                ADC_uint8GetConversionValue
 .text.ADC_uint8GetLastValue
                0x00000e5c       0x14 ./ADC_prg.o
                0x00000e5c                ADC_uint8GetLastValue
 .text.__vector_16
                0x00000e70       0x5a ./ADC_prg.o
                0x00000e70                __vector_16
 .text.DIO_vid_Init
                0x00000eca       0x2e ./DIO_prg.o
                0x00000eca                DIO_vid_Init
 .text.DIO_vid_SetPinValue
                0x00000ef8      0x1ac ./DIO_prg.o
                0x00000ef8                DIO_vid_SetPinValue
 .text.DIO_uint8_GetPinValue
                0x000010a4      0x114 ./DIO_prg.o
                0x000010a4                DIO_uint8_GetPinValue
 .text.__vector_1
                0x000011b8       0x5a ./EXTI_prg.o
                0x000011b8                __vector_1
 .text.EXTI_voidInit
                0x00001212       0x46 ./EXTI_prg.o
                0x00001212                EXTI_voidInit
 .text.EXTI_voidSetCallBack
                0x00001258       0x24 ./EXTI_prg.o
                0x00001258                EXTI_voidSetCallBack
 .text.EXTI_voidEnable
                0x0000127c       0x1c ./EXTI_prg.o
                0x0000127c                EXTI_voidEnable
 .text.EXTI_voidDisable
                0x00001298       0x1c ./EXTI_prg.o
                0x00001298                EXTI_voidDisable
 .text.main     0x000012b4      0xa28 ./MOTOR_main.o
                0x000012b4                main
 .text.MOTOR_Right_Clock_wise
                0x00001cdc       0x1e ./MOTOR_prog.o
                0x00001cdc                MOTOR_Right_Clock_wise
 .text.MOTOR_Right_AntiClock_wise
                0x00001cfa       0x1e ./MOTOR_prog.o
                0x00001cfa                MOTOR_Right_AntiClock_wise
 .text.MOTOR_Right_OFF
                0x00001d18       0x1e ./MOTOR_prog.o
                0x00001d18                MOTOR_Right_OFF
 .text.MOTOR_Right2_Clock_wise
                0x00001d36       0x1e ./MOTOR_prog.o
                0x00001d36                MOTOR_Right2_Clock_wise
 .text.MOTOR_Right2_AntiClock_wise
                0x00001d54       0x1e ./MOTOR_prog.o
                0x00001d54                MOTOR_Right2_AntiClock_wise
 .text.MOTOR_Right2_OFF
                0x00001d72       0x1e ./MOTOR_prog.o
                0x00001d72                MOTOR_Right2_OFF
 .text.MOTOR_Left_Clock_wise
                0x00001d90       0x1e ./MOTOR_prog.o
                0x00001d90                MOTOR_Left_Clock_wise
 .text.MOTOR_Left_AntiClock_wise
                0x00001dae       0x1e ./MOTOR_prog.o
                0x00001dae                MOTOR_Left_AntiClock_wise
 .text.MOTOR_Left_OFF
                0x00001dcc       0x1e ./MOTOR_prog.o
                0x00001dcc                MOTOR_Left_OFF
 .text.MOTOR_Left2_Clock_wise
                0x00001dea       0x1e ./MOTOR_prog.o
                0x00001dea                MOTOR_Left2_Clock_wise
 .text.MOTOR_Left2_AntiClock_wise
                0x00001e08       0x1e ./MOTOR_prog.o
                0x00001e08                MOTOR_Left2_AntiClock_wise
 .text.MOTOR_Left2_OFF
                0x00001e26       0x1e ./MOTOR_prog.o
                0x00001e26                MOTOR_Left2_OFF
 .text.Pump_Start
                0x00001e44       0x1e ./MOTOR_prog.o
                0x00001e44                Pump_Start
 .text.Pump_Off
                0x00001e62       0x1e ./MOTOR_prog.o
                0x00001e62                Pump_Off
 .text.Stepper_vidClockWise
                0x00001e80      0x370 ./Stepper_prog.o
                0x00001e80                Stepper_vidClockWise
 .text.Stepper_vidCounterClockWise
                0x000021f0      0x370 ./Stepper_prog.o
                0x000021f0                Stepper_vidCounterClockWise
 .text.Stepper_vidReturnLeft
                0x00002560      0x358 ./Stepper_prog.o
                0x00002560                Stepper_vidReturnLeft
 .text.Stepper_vidReturnRight
                0x000028b8      0x358 ./Stepper_prog.o
                0x000028b8                Stepper_vidReturnRight
 .text.Stepper_vidOFF
                0x00002c10       0x16 ./Stepper_prog.o
                0x00002c10                Stepper_vidOFF
 .text.StepperSmall_vidClockWise
                0x00002c26      0x352 ./Stepper_prog.o
                0x00002c26                StepperSmall_vidClockWise
 .text.StepperSmall_vidCounterClockWise
                0x00002f78      0x352 ./Stepper_prog.o
                0x00002f78                StepperSmall_vidCounterClockWise
 .text.StepperSmall_vidOFF
                0x000032ca       0x16 ./Stepper_prog.o
                0x000032ca                StepperSmall_vidOFF
 .text.UART_void_SetCBReceive
                0x000032e0       0x24 ./UART_prg.o
                0x000032e0                UART_void_SetCBReceive
 .text.UART_uint8_ReturnUDRValue
                0x00003304       0x14 ./UART_prg.o
                0x00003304                UART_uint8_ReturnUDRValue
 .text.UART_voidInit
                0x00003318       0xb6 ./UART_prg.o
                0x00003318                UART_voidInit
 .text.UART_voidSendByte
                0x000033ce       0x34 ./UART_prg.o
                0x000033ce                UART_voidSendByte
 .text.UART_uint8ReceiveByte
                0x00003402       0x1e ./UART_prg.o
                0x00003402                UART_uint8ReceiveByte
 .text.USART_SendString
                0x00003420       0x56 ./UART_prg.o
                0x00003420                USART_SendString
 .text.__vector_13
                0x00003476       0x5a ./UART_prg.o
                0x00003476                __vector_13
 .text.TIMER_voidSetCallBack
                0x000034d0       0x36 ./prog.o
                0x000034d0                TIMER_voidSetCallBack
 .text.__vector_11
                0x00003506       0x8a ./prog.o
                0x00003506                __vector_11
 .text.__vector_10
                0x00003590       0x8a ./prog.o
                0x00003590                __vector_10
 .text.Timer0_Uint8Set_Ocr_Value
                0x0000361a       0x1c ./prog.o
                0x0000361a                Timer0_Uint8Set_Ocr_Value
 .text.Timer0_vid_Init
                0x00003636       0x70 ./prog.o
                0x00003636                Timer0_vid_Init
 .text.Timer1_vid_Init
                0x000036a6       0x6e ./prog.o
                0x000036a6                Timer1_vid_Init
 .text.libgcc   0x00003714       0x3e d:/courses/imt course/embedded/ec_tools/tools/01- sdk/imt_sdk_win_64/winavr/bin/../lib/gcc/avr/4.3.3/avr5\libgcc.a(_mulsi3.o)
                0x00003714                __mulsi3
 .text.libgcc   0x00003752        0x0 d:/courses/imt course/embedded/ec_tools/tools/01- sdk/imt_sdk_win_64/winavr/bin/../lib/gcc/avr/4.3.3/avr5\libgcc.a(_exit.o)
 .text.libgcc   0x00003752        0x0 d:/courses/imt course/embedded/ec_tools/tools/01- sdk/imt_sdk_win_64/winavr/bin/../lib/gcc/avr/4.3.3/avr5\libgcc.a(_copy_data.o)
 .text.libgcc   0x00003752        0x0 d:/courses/imt course/embedded/ec_tools/tools/01- sdk/imt_sdk_win_64/winavr/bin/../lib/gcc/avr/4.3.3/avr5\libgcc.a(_clear_bss.o)
 .text.libgcc   0x00003752       0x38 d:/courses/imt course/embedded/ec_tools/tools/01- sdk/imt_sdk_win_64/winavr/bin/../lib/gcc/avr/4.3.3/avr5\libgcc.a(_prologue.o)
                0x00003752                __prologue_saves__
 .text.libgcc   0x0000378a       0x36 d:/courses/imt course/embedded/ec_tools/tools/01- sdk/imt_sdk_win_64/winavr/bin/../lib/gcc/avr/4.3.3/avr5\libgcc.a(_epilogue.o)
                0x0000378a                __epilogue_restores__
                0x000037c0                . = ALIGN (0x2)
 *(.fini9)
 .fini9         0x000037c0        0x0 d:/courses/imt course/embedded/ec_tools/tools/01- sdk/imt_sdk_win_64/winavr/bin/../lib/gcc/avr/4.3.3/avr5\libgcc.a(_exit.o)
                0x000037c0                exit
                0x000037c0                _exit
 *(.fini9)
 *(.fini8)
 *(.fini8)
 *(.fini7)
 *(.fini7)
 *(.fini6)
 *(.fini6)
 *(.fini5)
 *(.fini5)
 *(.fini4)
 *(.fini4)
 *(.fini3)
 *(.fini3)
 *(.fini2)
 *(.fini2)
 *(.fini1)
 *(.fini1)
 *(.fini0)
 .fini0         0x000037c0        0x4 d:/courses/imt course/embedded/ec_tools/tools/01- sdk/imt_sdk_win_64/winavr/bin/../lib/gcc/avr/4.3.3/avr5\libgcc.a(_exit.o)
 *(.fini0)
                0x000037c4                _etext = .

.data           0x00800060      0x104 load address 0x000037c4
                0x00800060                PROVIDE (__data_start, .)
 *(.data)
 .data          0x00800060        0x0 d:/courses/imt course/embedded/ec_tools/tools/01- sdk/imt_sdk_win_64/winavr/bin/../lib/gcc/avr/4.3.3/../../../../avr/lib/avr5/crtm32.o
 .data          0x00800060        0x0 ./ADC_prg.o
 .data          0x00800060        0x0 ./DIO_prg.o
 .data          0x00800060        0x0 ./EXTI_prg.o
 .data          0x00800060       0xfb ./MOTOR_main.o
 .data          0x0080015b        0x0 ./MOTOR_prog.o
 .data          0x0080015b        0x0 ./Stepper_prog.o
 .data          0x0080015b        0x0 ./UART_prg.o
 .data          0x0080015b        0x0 ./prog.o
 .data          0x0080015b        0x0 d:/courses/imt course/embedded/ec_tools/tools/01- sdk/imt_sdk_win_64/winavr/bin/../lib/gcc/avr/4.3.3/avr5\libgcc.a(_mulsi3.o)
 .data          0x0080015b        0x0 d:/courses/imt course/embedded/ec_tools/tools/01- sdk/imt_sdk_win_64/winavr/bin/../lib/gcc/avr/4.3.3/avr5\libgcc.a(_exit.o)
 .data          0x0080015b        0x0 d:/courses/imt course/embedded/ec_tools/tools/01- sdk/imt_sdk_win_64/winavr/bin/../lib/gcc/avr/4.3.3/avr5\libgcc.a(_copy_data.o)
 .data          0x0080015b        0x0 d:/courses/imt course/embedded/ec_tools/tools/01- sdk/imt_sdk_win_64/winavr/bin/../lib/gcc/avr/4.3.3/avr5\libgcc.a(_clear_bss.o)
 .data          0x0080015b        0x0 d:/courses/imt course/embedded/ec_tools/tools/01- sdk/imt_sdk_win_64/winavr/bin/../lib/gcc/avr/4.3.3/avr5\libgcc.a(_fixunssfsi.o)
 .data          0x0080015b        0x0 d:/courses/imt course/embedded/ec_tools/tools/01- sdk/imt_sdk_win_64/winavr/bin/../lib/gcc/avr/4.3.3/avr5\libgcc.a(_addsub_sf.o)
 .data          0x0080015b        0x0 d:/courses/imt course/embedded/ec_tools/tools/01- sdk/imt_sdk_win_64/winavr/bin/../lib/gcc/avr/4.3.3/avr5\libgcc.a(_mul_sf.o)
 .data          0x0080015b        0x0 d:/courses/imt course/embedded/ec_tools/tools/01- sdk/imt_sdk_win_64/winavr/bin/../lib/gcc/avr/4.3.3/avr5\libgcc.a(_div_sf.o)
 .data          0x0080015b        0x0 d:/courses/imt course/embedded/ec_tools/tools/01- sdk/imt_sdk_win_64/winavr/bin/../lib/gcc/avr/4.3.3/avr5\libgcc.a(_gt_sf.o)
 .data          0x0080015b        0x0 d:/courses/imt course/embedded/ec_tools/tools/01- sdk/imt_sdk_win_64/winavr/bin/../lib/gcc/avr/4.3.3/avr5\libgcc.a(_ge_sf.o)
 .data          0x0080015b        0x0 d:/courses/imt course/embedded/ec_tools/tools/01- sdk/imt_sdk_win_64/winavr/bin/../lib/gcc/avr/4.3.3/avr5\libgcc.a(_lt_sf.o)
 .data          0x0080015b        0x0 d:/courses/imt course/embedded/ec_tools/tools/01- sdk/imt_sdk_win_64/winavr/bin/../lib/gcc/avr/4.3.3/avr5\libgcc.a(_sf_to_si.o)
 .data          0x0080015b        0x8 d:/courses/imt course/embedded/ec_tools/tools/01- sdk/imt_sdk_win_64/winavr/bin/../lib/gcc/avr/4.3.3/avr5\libgcc.a(_thenan_sf.o)
                0x0080015b                __thenan_sf
 .data          0x00800163        0x0 d:/courses/imt course/embedded/ec_tools/tools/01- sdk/imt_sdk_win_64/winavr/bin/../lib/gcc/avr/4.3.3/avr5\libgcc.a(_prologue.o)
 .data          0x00800163        0x0 d:/courses/imt course/embedded/ec_tools/tools/01- sdk/imt_sdk_win_64/winavr/bin/../lib/gcc/avr/4.3.3/avr5\libgcc.a(_epilogue.o)
 .data          0x00800163        0x0 d:/courses/imt course/embedded/ec_tools/tools/01- sdk/imt_sdk_win_64/winavr/bin/../lib/gcc/avr/4.3.3/avr5\libgcc.a(_pack_sf.o)
 .data          0x00800163        0x0 d:/courses/imt course/embedded/ec_tools/tools/01- sdk/imt_sdk_win_64/winavr/bin/../lib/gcc/avr/4.3.3/avr5\libgcc.a(_unpack_sf.o)
 .data          0x00800163        0x0 d:/courses/imt course/embedded/ec_tools/tools/01- sdk/imt_sdk_win_64/winavr/bin/../lib/gcc/avr/4.3.3/avr5\libgcc.a(_fpcmp_parts_sf.o)
 *(.data*)
 *(.rodata)
 *(.rodata*)
 *(.gnu.linkonce.d*)
                0x00800164                . = ALIGN (0x2)
 *fill*         0x00800163        0x1 00
                0x00800164                _edata = .
                0x00800164                PROVIDE (__data_end, .)

.bss            0x00800164       0x17
                0x00800164                PROVIDE (__bss_start, .)
 *(.bss)
 .bss           0x00800164        0x0 d:/courses/imt course/embedded/ec_tools/tools/01- sdk/imt_sdk_win_64/winavr/bin/../lib/gcc/avr/4.3.3/../../../../avr/lib/avr5/crtm32.o
 .bss           0x00800164        0x0 ./ADC_prg.o
 .bss           0x00800164        0x0 ./DIO_prg.o
 .bss           0x00800164        0x0 ./EXTI_prg.o
 .bss           0x00800164        0x0 ./MOTOR_main.o
 .bss           0x00800164        0x0 ./MOTOR_prog.o
 .bss           0x00800164        0x0 ./Stepper_prog.o
 .bss           0x00800164        0x0 ./UART_prg.o
 .bss           0x00800164        0x0 ./prog.o
 .bss           0x00800164        0x0 d:/courses/imt course/embedded/ec_tools/tools/01- sdk/imt_sdk_win_64/winavr/bin/../lib/gcc/avr/4.3.3/avr5\libgcc.a(_mulsi3.o)
 .bss           0x00800164        0x0 d:/courses/imt course/embedded/ec_tools/tools/01- sdk/imt_sdk_win_64/winavr/bin/../lib/gcc/avr/4.3.3/avr5\libgcc.a(_exit.o)
 .bss           0x00800164        0x0 d:/courses/imt course/embedded/ec_tools/tools/01- sdk/imt_sdk_win_64/winavr/bin/../lib/gcc/avr/4.3.3/avr5\libgcc.a(_copy_data.o)
 .bss           0x00800164        0x0 d:/courses/imt course/embedded/ec_tools/tools/01- sdk/imt_sdk_win_64/winavr/bin/../lib/gcc/avr/4.3.3/avr5\libgcc.a(_clear_bss.o)
 .bss           0x00800164        0x0 d:/courses/imt course/embedded/ec_tools/tools/01- sdk/imt_sdk_win_64/winavr/bin/../lib/gcc/avr/4.3.3/avr5\libgcc.a(_fixunssfsi.o)
 .bss           0x00800164        0x0 d:/courses/imt course/embedded/ec_tools/tools/01- sdk/imt_sdk_win_64/winavr/bin/../lib/gcc/avr/4.3.3/avr5\libgcc.a(_addsub_sf.o)
 .bss           0x00800164        0x0 d:/courses/imt course/embedded/ec_tools/tools/01- sdk/imt_sdk_win_64/winavr/bin/../lib/gcc/avr/4.3.3/avr5\libgcc.a(_mul_sf.o)
 .bss           0x00800164        0x0 d:/courses/imt course/embedded/ec_tools/tools/01- sdk/imt_sdk_win_64/winavr/bin/../lib/gcc/avr/4.3.3/avr5\libgcc.a(_div_sf.o)
 .bss           0x00800164        0x0 d:/courses/imt course/embedded/ec_tools/tools/01- sdk/imt_sdk_win_64/winavr/bin/../lib/gcc/avr/4.3.3/avr5\libgcc.a(_gt_sf.o)
 .bss           0x00800164        0x0 d:/courses/imt course/embedded/ec_tools/tools/01- sdk/imt_sdk_win_64/winavr/bin/../lib/gcc/avr/4.3.3/avr5\libgcc.a(_ge_sf.o)
 .bss           0x00800164        0x0 d:/courses/imt course/embedded/ec_tools/tools/01- sdk/imt_sdk_win_64/winavr/bin/../lib/gcc/avr/4.3.3/avr5\libgcc.a(_lt_sf.o)
 .bss           0x00800164        0x0 d:/courses/imt course/embedded/ec_tools/tools/01- sdk/imt_sdk_win_64/winavr/bin/../lib/gcc/avr/4.3.3/avr5\libgcc.a(_sf_to_si.o)
 .bss           0x00800164        0x0 d:/courses/imt course/embedded/ec_tools/tools/01- sdk/imt_sdk_win_64/winavr/bin/../lib/gcc/avr/4.3.3/avr5\libgcc.a(_thenan_sf.o)
 .bss           0x00800164        0x0 d:/courses/imt course/embedded/ec_tools/tools/01- sdk/imt_sdk_win_64/winavr/bin/../lib/gcc/avr/4.3.3/avr5\libgcc.a(_prologue.o)
 .bss           0x00800164        0x0 d:/courses/imt course/embedded/ec_tools/tools/01- sdk/imt_sdk_win_64/winavr/bin/../lib/gcc/avr/4.3.3/avr5\libgcc.a(_epilogue.o)
 .bss           0x00800164        0x0 d:/courses/imt course/embedded/ec_tools/tools/01- sdk/imt_sdk_win_64/winavr/bin/../lib/gcc/avr/4.3.3/avr5\libgcc.a(_pack_sf.o)
 .bss           0x00800164        0x0 d:/courses/imt course/embedded/ec_tools/tools/01- sdk/imt_sdk_win_64/winavr/bin/../lib/gcc/avr/4.3.3/avr5\libgcc.a(_unpack_sf.o)
 .bss           0x00800164        0x0 d:/courses/imt course/embedded/ec_tools/tools/01- sdk/imt_sdk_win_64/winavr/bin/../lib/gcc/avr/4.3.3/avr5\libgcc.a(_fpcmp_parts_sf.o)
 *(.bss*)
 .bss.counter.1209
                0x00800164        0x2 ./prog.o
 .bss.counter.1222
                0x00800166        0x2 ./prog.o
 *(COMMON)
 COMMON         0x00800168        0x0 ./ADC_prg.o
 COMMON         0x00800168        0x2 ./EXTI_prg.o
                0x00800168                EXTI_CallBack
 COMMON         0x0080016a        0x5 ./Stepper_prog.o
                0x0080016a                Data_in
                0x0080016b                y2
                0x0080016d                y1
 COMMON         0x0080016f        0x2 ./UART_prg.o
                0x0080016f                CallBackReceive
 COMMON         0x00800171        0xa ./prog.o
                0x00800171                CallBackPointer
                0x0080017b                PROVIDE (__bss_end, .)
                0x000037c4                __data_load_start = LOADADDR (.data)
                0x000038c8                __data_load_end = (__data_load_start + SIZEOF (.data))

.noinit         0x0080017b        0x0
                0x0080017b                PROVIDE (__noinit_start, .)
 *(.noinit*)
                0x0080017b                PROVIDE (__noinit_end, .)
                0x0080017b                _end = .
                0x0080017b                PROVIDE (__heap_start, .)

.eeprom         0x00810000        0x0
 *(.eeprom*)
                0x00810000                __eeprom_end = .

.fuse
 *(.fuse)
 *(.lfuse)
 *(.hfuse)
 *(.efuse)

.lock
 *(.lock*)

.signature
 *(.signature*)

.stab           0x00000000     0x3318
 *(.stab)
 .stab          0x00000000      0x3fc ./ADC_prg.o
 .stab          0x000003fc      0x438 ./DIO_prg.o
                                0x444 (size before relaxing)
 .stab          0x00000834      0x210 ./EXTI_prg.o
                                0x288 (size before relaxing)
 .stab          0x00000a44      0xbac ./MOTOR_main.o
                                0xc24 (size before relaxing)
 .stab          0x000015f0      0x450 ./MOTOR_prog.o
                                0x654 (size before relaxing)
 .stab          0x00001a40     0x120c ./Stepper_prog.o
                               0x1410 (size before relaxing)
 .stab          0x00002c4c      0x354 ./UART_prg.o
                                0x3cc (size before relaxing)
 .stab          0x00002fa0      0x378 ./prog.o
                                0x3f0 (size before relaxing)

.stabstr        0x00000000      0xfd9
 *(.stabstr)
 .stabstr       0x00000000      0xfd9 ./ADC_prg.o

.stab.excl
 *(.stab.excl)

.stab.exclstr
 *(.stab.exclstr)

.stab.index
 *(.stab.index)

.stab.indexstr
 *(.stab.indexstr)

.comment
 *(.comment)

.debug
 *(.debug)

.line
 *(.line)

.debug_srcinfo
 *(.debug_srcinfo)

.debug_sfnames
 *(.debug_sfnames)

.debug_aranges  0x00000000      0x160
 *(.debug_aranges)
 .debug_aranges
                0x00000000       0x20 d:/courses/imt course/embedded/ec_tools/tools/01- sdk/imt_sdk_win_64/winavr/bin/../lib/gcc/avr/4.3.3/avr5\libgcc.a(_fixunssfsi.o)
 .debug_aranges
                0x00000020       0x20 d:/courses/imt course/embedded/ec_tools/tools/01- sdk/imt_sdk_win_64/winavr/bin/../lib/gcc/avr/4.3.3/avr5\libgcc.a(_addsub_sf.o)
 .debug_aranges
                0x00000040       0x20 d:/courses/imt course/embedded/ec_tools/tools/01- sdk/imt_sdk_win_64/winavr/bin/../lib/gcc/avr/4.3.3/avr5\libgcc.a(_mul_sf.o)
 .debug_aranges
                0x00000060       0x20 d:/courses/imt course/embedded/ec_tools/tools/01- sdk/imt_sdk_win_64/winavr/bin/../lib/gcc/avr/4.3.3/avr5\libgcc.a(_div_sf.o)
 .debug_aranges
                0x00000080       0x20 d:/courses/imt course/embedded/ec_tools/tools/01- sdk/imt_sdk_win_64/winavr/bin/../lib/gcc/avr/4.3.3/avr5\libgcc.a(_gt_sf.o)
 .debug_aranges
                0x000000a0       0x20 d:/courses/imt course/embedded/ec_tools/tools/01- sdk/imt_sdk_win_64/winavr/bin/../lib/gcc/avr/4.3.3/avr5\libgcc.a(_ge_sf.o)
 .debug_aranges
                0x000000c0       0x20 d:/courses/imt course/embedded/ec_tools/tools/01- sdk/imt_sdk_win_64/winavr/bin/../lib/gcc/avr/4.3.3/avr5\libgcc.a(_lt_sf.o)
 .debug_aranges
                0x000000e0       0x20 d:/courses/imt course/embedded/ec_tools/tools/01- sdk/imt_sdk_win_64/winavr/bin/../lib/gcc/avr/4.3.3/avr5\libgcc.a(_sf_to_si.o)
 .debug_aranges
                0x00000100       0x20 d:/courses/imt course/embedded/ec_tools/tools/01- sdk/imt_sdk_win_64/winavr/bin/../lib/gcc/avr/4.3.3/avr5\libgcc.a(_pack_sf.o)
 .debug_aranges
                0x00000120       0x20 d:/courses/imt course/embedded/ec_tools/tools/01- sdk/imt_sdk_win_64/winavr/bin/../lib/gcc/avr/4.3.3/avr5\libgcc.a(_unpack_sf.o)
 .debug_aranges
                0x00000140       0x20 d:/courses/imt course/embedded/ec_tools/tools/01- sdk/imt_sdk_win_64/winavr/bin/../lib/gcc/avr/4.3.3/avr5\libgcc.a(_fpcmp_parts_sf.o)

.debug_pubnames
                0x00000000      0x18f
 *(.debug_pubnames)
 .debug_pubnames
                0x00000000       0x23 d:/courses/imt course/embedded/ec_tools/tools/01- sdk/imt_sdk_win_64/winavr/bin/../lib/gcc/avr/4.3.3/avr5\libgcc.a(_fixunssfsi.o)
 .debug_pubnames
                0x00000023       0x2c d:/courses/imt course/embedded/ec_tools/tools/01- sdk/imt_sdk_win_64/winavr/bin/../lib/gcc/avr/4.3.3/avr5\libgcc.a(_addsub_sf.o)
 .debug_pubnames
                0x0000004f       0x1f d:/courses/imt course/embedded/ec_tools/tools/01- sdk/imt_sdk_win_64/winavr/bin/../lib/gcc/avr/4.3.3/avr5\libgcc.a(_mul_sf.o)
 .debug_pubnames
                0x0000006e       0x1f d:/courses/imt course/embedded/ec_tools/tools/01- sdk/imt_sdk_win_64/winavr/bin/../lib/gcc/avr/4.3.3/avr5\libgcc.a(_div_sf.o)
 .debug_pubnames
                0x0000008d       0x1e d:/courses/imt course/embedded/ec_tools/tools/01- sdk/imt_sdk_win_64/winavr/bin/../lib/gcc/avr/4.3.3/avr5\libgcc.a(_gt_sf.o)
 .debug_pubnames
                0x000000ab       0x1e d:/courses/imt course/embedded/ec_tools/tools/01- sdk/imt_sdk_win_64/winavr/bin/../lib/gcc/avr/4.3.3/avr5\libgcc.a(_ge_sf.o)
 .debug_pubnames
                0x000000c9       0x1e d:/courses/imt course/embedded/ec_tools/tools/01- sdk/imt_sdk_win_64/winavr/bin/../lib/gcc/avr/4.3.3/avr5\libgcc.a(_lt_sf.o)
 .debug_pubnames
                0x000000e7       0x20 d:/courses/imt course/embedded/ec_tools/tools/01- sdk/imt_sdk_win_64/winavr/bin/../lib/gcc/avr/4.3.3/avr5\libgcc.a(_sf_to_si.o)
 .debug_pubnames
                0x00000107       0x22 d:/courses/imt course/embedded/ec_tools/tools/01- sdk/imt_sdk_win_64/winavr/bin/../lib/gcc/avr/4.3.3/avr5\libgcc.a(_thenan_sf.o)
 .debug_pubnames
                0x00000129       0x1f d:/courses/imt course/embedded/ec_tools/tools/01- sdk/imt_sdk_win_64/winavr/bin/../lib/gcc/avr/4.3.3/avr5\libgcc.a(_pack_sf.o)
 .debug_pubnames
                0x00000148       0x21 d:/courses/imt course/embedded/ec_tools/tools/01- sdk/imt_sdk_win_64/winavr/bin/../lib/gcc/avr/4.3.3/avr5\libgcc.a(_unpack_sf.o)
 .debug_pubnames
                0x00000169       0x26 d:/courses/imt course/embedded/ec_tools/tools/01- sdk/imt_sdk_win_64/winavr/bin/../lib/gcc/avr/4.3.3/avr5\libgcc.a(_fpcmp_parts_sf.o)

.debug_info     0x00000000     0x2045
 *(.debug_info)
 .debug_info    0x00000000       0xb1 d:/courses/imt course/embedded/ec_tools/tools/01- sdk/imt_sdk_win_64/winavr/bin/../lib/gcc/avr/4.3.3/avr5\libgcc.a(_fixunssfsi.o)
 .debug_info    0x000000b1      0x47a d:/courses/imt course/embedded/ec_tools/tools/01- sdk/imt_sdk_win_64/winavr/bin/../lib/gcc/avr/4.3.3/avr5\libgcc.a(_addsub_sf.o)
 .debug_info    0x0000052b      0x485 d:/courses/imt course/embedded/ec_tools/tools/01- sdk/imt_sdk_win_64/winavr/bin/../lib/gcc/avr/4.3.3/avr5\libgcc.a(_mul_sf.o)
 .debug_info    0x000009b0      0x3fc d:/courses/imt course/embedded/ec_tools/tools/01- sdk/imt_sdk_win_64/winavr/bin/../lib/gcc/avr/4.3.3/avr5\libgcc.a(_div_sf.o)
 .debug_info    0x00000dac      0x27f d:/courses/imt course/embedded/ec_tools/tools/01- sdk/imt_sdk_win_64/winavr/bin/../lib/gcc/avr/4.3.3/avr5\libgcc.a(_gt_sf.o)
 .debug_info    0x0000102b      0x27f d:/courses/imt course/embedded/ec_tools/tools/01- sdk/imt_sdk_win_64/winavr/bin/../lib/gcc/avr/4.3.3/avr5\libgcc.a(_ge_sf.o)
 .debug_info    0x000012aa      0x27f d:/courses/imt course/embedded/ec_tools/tools/01- sdk/imt_sdk_win_64/winavr/bin/../lib/gcc/avr/4.3.3/avr5\libgcc.a(_lt_sf.o)
 .debug_info    0x00001529      0x2b0 d:/courses/imt course/embedded/ec_tools/tools/01- sdk/imt_sdk_win_64/winavr/bin/../lib/gcc/avr/4.3.3/avr5\libgcc.a(_sf_to_si.o)
 .debug_info    0x000017d9      0x12c d:/courses/imt course/embedded/ec_tools/tools/01- sdk/imt_sdk_win_64/winavr/bin/../lib/gcc/avr/4.3.3/avr5\libgcc.a(_thenan_sf.o)
 .debug_info    0x00001905      0x2df d:/courses/imt course/embedded/ec_tools/tools/01- sdk/imt_sdk_win_64/winavr/bin/../lib/gcc/avr/4.3.3/avr5\libgcc.a(_pack_sf.o)
 .debug_info    0x00001be4      0x251 d:/courses/imt course/embedded/ec_tools/tools/01- sdk/imt_sdk_win_64/winavr/bin/../lib/gcc/avr/4.3.3/avr5\libgcc.a(_unpack_sf.o)
 .debug_info    0x00001e35      0x210 d:/courses/imt course/embedded/ec_tools/tools/01- sdk/imt_sdk_win_64/winavr/bin/../lib/gcc/avr/4.3.3/avr5\libgcc.a(_fpcmp_parts_sf.o)
 *(.gnu.linkonce.wi.*)

.debug_abbrev   0x00000000     0x1101
 *(.debug_abbrev)
 .debug_abbrev  0x00000000       0x5d d:/courses/imt course/embedded/ec_tools/tools/01- sdk/imt_sdk_win_64/winavr/bin/../lib/gcc/avr/4.3.3/avr5\libgcc.a(_fixunssfsi.o)
 .debug_abbrev  0x0000005d      0x1ea d:/courses/imt course/embedded/ec_tools/tools/01- sdk/imt_sdk_win_64/winavr/bin/../lib/gcc/avr/4.3.3/avr5\libgcc.a(_addsub_sf.o)
 .debug_abbrev  0x00000247      0x21b d:/courses/imt course/embedded/ec_tools/tools/01- sdk/imt_sdk_win_64/winavr/bin/../lib/gcc/avr/4.3.3/avr5\libgcc.a(_mul_sf.o)
 .debug_abbrev  0x00000462      0x216 d:/courses/imt course/embedded/ec_tools/tools/01- sdk/imt_sdk_win_64/winavr/bin/../lib/gcc/avr/4.3.3/avr5\libgcc.a(_div_sf.o)
 .debug_abbrev  0x00000678      0x15a d:/courses/imt course/embedded/ec_tools/tools/01- sdk/imt_sdk_win_64/winavr/bin/../lib/gcc/avr/4.3.3/avr5\libgcc.a(_gt_sf.o)
 .debug_abbrev  0x000007d2      0x15a d:/courses/imt course/embedded/ec_tools/tools/01- sdk/imt_sdk_win_64/winavr/bin/../lib/gcc/avr/4.3.3/avr5\libgcc.a(_ge_sf.o)
 .debug_abbrev  0x0000092c      0x15a d:/courses/imt course/embedded/ec_tools/tools/01- sdk/imt_sdk_win_64/winavr/bin/../lib/gcc/avr/4.3.3/avr5\libgcc.a(_lt_sf.o)
 .debug_abbrev  0x00000a86      0x17f d:/courses/imt course/embedded/ec_tools/tools/01- sdk/imt_sdk_win_64/winavr/bin/../lib/gcc/avr/4.3.3/avr5\libgcc.a(_sf_to_si.o)
 .debug_abbrev  0x00000c05       0xad d:/courses/imt course/embedded/ec_tools/tools/01- sdk/imt_sdk_win_64/winavr/bin/../lib/gcc/avr/4.3.3/avr5\libgcc.a(_thenan_sf.o)
 .debug_abbrev  0x00000cb2      0x1c0 d:/courses/imt course/embedded/ec_tools/tools/01- sdk/imt_sdk_win_64/winavr/bin/../lib/gcc/avr/4.3.3/avr5\libgcc.a(_pack_sf.o)
 .debug_abbrev  0x00000e72      0x154 d:/courses/imt course/embedded/ec_tools/tools/01- sdk/imt_sdk_win_64/winavr/bin/../lib/gcc/avr/4.3.3/avr5\libgcc.a(_unpack_sf.o)
 .debug_abbrev  0x00000fc6      0x13b d:/courses/imt course/embedded/ec_tools/tools/01- sdk/imt_sdk_win_64/winavr/bin/../lib/gcc/avr/4.3.3/avr5\libgcc.a(_fpcmp_parts_sf.o)

.debug_line     0x00000000      0xf82
 *(.debug_line)
 .debug_line    0x00000000       0xa7 d:/courses/imt course/embedded/ec_tools/tools/01- sdk/imt_sdk_win_64/winavr/bin/../lib/gcc/avr/4.3.3/avr5\libgcc.a(_fixunssfsi.o)
 .debug_line    0x000000a7      0x2af d:/courses/imt course/embedded/ec_tools/tools/01- sdk/imt_sdk_win_64/winavr/bin/../lib/gcc/avr/4.3.3/avr5\libgcc.a(_addsub_sf.o)
 .debug_line    0x00000356      0x239 d:/courses/imt course/embedded/ec_tools/tools/01- sdk/imt_sdk_win_64/winavr/bin/../lib/gcc/avr/4.3.3/avr5\libgcc.a(_mul_sf.o)
 .debug_line    0x0000058f      0x1d5 d:/courses/imt course/embedded/ec_tools/tools/01- sdk/imt_sdk_win_64/winavr/bin/../lib/gcc/avr/4.3.3/avr5\libgcc.a(_div_sf.o)
 .debug_line    0x00000764       0xd3 d:/courses/imt course/embedded/ec_tools/tools/01- sdk/imt_sdk_win_64/winavr/bin/../lib/gcc/avr/4.3.3/avr5\libgcc.a(_gt_sf.o)
 .debug_line    0x00000837       0xd3 d:/courses/imt course/embedded/ec_tools/tools/01- sdk/imt_sdk_win_64/winavr/bin/../lib/gcc/avr/4.3.3/avr5\libgcc.a(_ge_sf.o)
 .debug_line    0x0000090a       0xd3 d:/courses/imt course/embedded/ec_tools/tools/01- sdk/imt_sdk_win_64/winavr/bin/../lib/gcc/avr/4.3.3/avr5\libgcc.a(_lt_sf.o)
 .debug_line    0x000009dd      0x109 d:/courses/imt course/embedded/ec_tools/tools/01- sdk/imt_sdk_win_64/winavr/bin/../lib/gcc/avr/4.3.3/avr5\libgcc.a(_sf_to_si.o)
 .debug_line    0x00000ae6       0x90 d:/courses/imt course/embedded/ec_tools/tools/01- sdk/imt_sdk_win_64/winavr/bin/../lib/gcc/avr/4.3.3/avr5\libgcc.a(_thenan_sf.o)
 .debug_line    0x00000b76      0x18a d:/courses/imt course/embedded/ec_tools/tools/01- sdk/imt_sdk_win_64/winavr/bin/../lib/gcc/avr/4.3.3/avr5\libgcc.a(_pack_sf.o)
 .debug_line    0x00000d00      0x14b d:/courses/imt course/embedded/ec_tools/tools/01- sdk/imt_sdk_win_64/winavr/bin/../lib/gcc/avr/4.3.3/avr5\libgcc.a(_unpack_sf.o)
 .debug_line    0x00000e4b      0x137 d:/courses/imt course/embedded/ec_tools/tools/01- sdk/imt_sdk_win_64/winavr/bin/../lib/gcc/avr/4.3.3/avr5\libgcc.a(_fpcmp_parts_sf.o)

.debug_frame    0x00000000      0x180
 *(.debug_frame)
 .debug_frame   0x00000000       0x20 d:/courses/imt course/embedded/ec_tools/tools/01- sdk/imt_sdk_win_64/winavr/bin/../lib/gcc/avr/4.3.3/avr5\libgcc.a(_fixunssfsi.o)
 .debug_frame   0x00000020       0x40 d:/courses/imt course/embedded/ec_tools/tools/01- sdk/imt_sdk_win_64/winavr/bin/../lib/gcc/avr/4.3.3/avr5\libgcc.a(_addsub_sf.o)
 .debug_frame   0x00000060       0x20 d:/courses/imt course/embedded/ec_tools/tools/01- sdk/imt_sdk_win_64/winavr/bin/../lib/gcc/avr/4.3.3/avr5\libgcc.a(_mul_sf.o)
 .debug_frame   0x00000080       0x20 d:/courses/imt course/embedded/ec_tools/tools/01- sdk/imt_sdk_win_64/winavr/bin/../lib/gcc/avr/4.3.3/avr5\libgcc.a(_div_sf.o)
 .debug_frame   0x000000a0       0x20 d:/courses/imt course/embedded/ec_tools/tools/01- sdk/imt_sdk_win_64/winavr/bin/../lib/gcc/avr/4.3.3/avr5\libgcc.a(_gt_sf.o)
 .debug_frame   0x000000c0       0x20 d:/courses/imt course/embedded/ec_tools/tools/01- sdk/imt_sdk_win_64/winavr/bin/../lib/gcc/avr/4.3.3/avr5\libgcc.a(_ge_sf.o)
 .debug_frame   0x000000e0       0x20 d:/courses/imt course/embedded/ec_tools/tools/01- sdk/imt_sdk_win_64/winavr/bin/../lib/gcc/avr/4.3.3/avr5\libgcc.a(_lt_sf.o)
 .debug_frame   0x00000100       0x20 d:/courses/imt course/embedded/ec_tools/tools/01- sdk/imt_sdk_win_64/winavr/bin/../lib/gcc/avr/4.3.3/avr5\libgcc.a(_sf_to_si.o)
 .debug_frame   0x00000120       0x20 d:/courses/imt course/embedded/ec_tools/tools/01- sdk/imt_sdk_win_64/winavr/bin/../lib/gcc/avr/4.3.3/avr5\libgcc.a(_pack_sf.o)
 .debug_frame   0x00000140       0x20 d:/courses/imt course/embedded/ec_tools/tools/01- sdk/imt_sdk_win_64/winavr/bin/../lib/gcc/avr/4.3.3/avr5\libgcc.a(_unpack_sf.o)
 .debug_frame   0x00000160       0x20 d:/courses/imt course/embedded/ec_tools/tools/01- sdk/imt_sdk_win_64/winavr/bin/../lib/gcc/avr/4.3.3/avr5\libgcc.a(_fpcmp_parts_sf.o)

.debug_str      0x00000000      0x2c2
 *(.debug_str)
 .debug_str     0x00000000       0xbf d:/courses/imt course/embedded/ec_tools/tools/01- sdk/imt_sdk_win_64/winavr/bin/../lib/gcc/avr/4.3.3/avr5\libgcc.a(_fixunssfsi.o)
                                 0xfe (size before relaxing)
 .debug_str     0x000000bf      0x14d d:/courses/imt course/embedded/ec_tools/tools/01- sdk/imt_sdk_win_64/winavr/bin/../lib/gcc/avr/4.3.3/avr5\libgcc.a(_addsub_sf.o)
                                0x206 (size before relaxing)
 .debug_str     0x0000020c       0x27 d:/courses/imt course/embedded/ec_tools/tools/01- sdk/imt_sdk_win_64/winavr/bin/../lib/gcc/avr/4.3.3/avr5\libgcc.a(_mul_sf.o)
                                0x1bf (size before relaxing)
 .debug_str     0x00000233       0x35 d:/courses/imt course/embedded/ec_tools/tools/01- sdk/imt_sdk_win_64/winavr/bin/../lib/gcc/avr/4.3.3/avr5\libgcc.a(_div_sf.o)
                                0x1c8 (size before relaxing)
 .debug_str     0x00000268        0xf d:/courses/imt course/embedded/ec_tools/tools/01- sdk/imt_sdk_win_64/winavr/bin/../lib/gcc/avr/4.3.3/avr5\libgcc.a(_gt_sf.o)
                                0x195 (size before relaxing)
 .debug_str     0x00000277        0x8 d:/courses/imt course/embedded/ec_tools/tools/01- sdk/imt_sdk_win_64/winavr/bin/../lib/gcc/avr/4.3.3/avr5\libgcc.a(_ge_sf.o)
                                0x195 (size before relaxing)
 .debug_str     0x0000027f        0x8 d:/courses/imt course/embedded/ec_tools/tools/01- sdk/imt_sdk_win_64/winavr/bin/../lib/gcc/avr/4.3.3/avr5\libgcc.a(_lt_sf.o)
                                0x195 (size before relaxing)
 .debug_str     0x00000287        0xa d:/courses/imt course/embedded/ec_tools/tools/01- sdk/imt_sdk_win_64/winavr/bin/../lib/gcc/avr/4.3.3/avr5\libgcc.a(_sf_to_si.o)
                                0x19e (size before relaxing)
 .debug_str     0x00000000      0x103 d:/courses/imt course/embedded/ec_tools/tools/01- sdk/imt_sdk_win_64/winavr/bin/../lib/gcc/avr/4.3.3/avr5\libgcc.a(_thenan_sf.o)
 .debug_str     0x00000291       0x16 d:/courses/imt course/embedded/ec_tools/tools/01- sdk/imt_sdk_win_64/winavr/bin/../lib/gcc/avr/4.3.3/avr5\libgcc.a(_pack_sf.o)
                                0x19d (size before relaxing)
 .debug_str     0x000002a7        0xb d:/courses/imt course/embedded/ec_tools/tools/01- sdk/imt_sdk_win_64/winavr/bin/../lib/gcc/avr/4.3.3/avr5\libgcc.a(_unpack_sf.o)
                                0x17f (size before relaxing)
 .debug_str     0x000002b2       0x10 d:/courses/imt course/embedded/ec_tools/tools/01- sdk/imt_sdk_win_64/winavr/bin/../lib/gcc/avr/4.3.3/avr5\libgcc.a(_fpcmp_parts_sf.o)
                                0x163 (size before relaxing)

.debug_loc      0x00000000      0x88e
 *(.debug_loc)
 .debug_loc     0x00000000       0x34 d:/courses/imt course/embedded/ec_tools/tools/01- sdk/imt_sdk_win_64/winavr/bin/../lib/gcc/avr/4.3.3/avr5\libgcc.a(_fixunssfsi.o)
 .debug_loc     0x00000034      0x32a d:/courses/imt course/embedded/ec_tools/tools/01- sdk/imt_sdk_win_64/winavr/bin/../lib/gcc/avr/4.3.3/avr5\libgcc.a(_addsub_sf.o)
 .debug_loc     0x0000035e      0x104 d:/courses/imt course/embedded/ec_tools/tools/01- sdk/imt_sdk_win_64/winavr/bin/../lib/gcc/avr/4.3.3/avr5\libgcc.a(_mul_sf.o)
 .debug_loc     0x00000462       0xc0 d:/courses/imt course/embedded/ec_tools/tools/01- sdk/imt_sdk_win_64/winavr/bin/../lib/gcc/avr/4.3.3/avr5\libgcc.a(_div_sf.o)
 .debug_loc     0x00000522       0x3c d:/courses/imt course/embedded/ec_tools/tools/01- sdk/imt_sdk_win_64/winavr/bin/../lib/gcc/avr/4.3.3/avr5\libgcc.a(_gt_sf.o)
 .debug_loc     0x0000055e       0x3c d:/courses/imt course/embedded/ec_tools/tools/01- sdk/imt_sdk_win_64/winavr/bin/../lib/gcc/avr/4.3.3/avr5\libgcc.a(_ge_sf.o)
 .debug_loc     0x0000059a       0x3c d:/courses/imt course/embedded/ec_tools/tools/01- sdk/imt_sdk_win_64/winavr/bin/../lib/gcc/avr/4.3.3/avr5\libgcc.a(_lt_sf.o)
 .debug_loc     0x000005d6       0x7e d:/courses/imt course/embedded/ec_tools/tools/01- sdk/imt_sdk_win_64/winavr/bin/../lib/gcc/avr/4.3.3/avr5\libgcc.a(_sf_to_si.o)
 .debug_loc     0x00000654      0x13e d:/courses/imt course/embedded/ec_tools/tools/01- sdk/imt_sdk_win_64/winavr/bin/../lib/gcc/avr/4.3.3/avr5\libgcc.a(_pack_sf.o)
 .debug_loc     0x00000792       0xac d:/courses/imt course/embedded/ec_tools/tools/01- sdk/imt_sdk_win_64/winavr/bin/../lib/gcc/avr/4.3.3/avr5\libgcc.a(_unpack_sf.o)
 .debug_loc     0x0000083e       0x50 d:/courses/imt course/embedded/ec_tools/tools/01- sdk/imt_sdk_win_64/winavr/bin/../lib/gcc/avr/4.3.3/avr5\libgcc.a(_fpcmp_parts_sf.o)

.debug_macinfo
 *(.debug_macinfo)
OUTPUT(C.elf elf32-avr)
LOAD linker stubs

.debug_ranges   0x00000000       0x50
 .debug_ranges  0x00000000       0x50 d:/courses/imt course/embedded/ec_tools/tools/01- sdk/imt_sdk_win_64/winavr/bin/../lib/gcc/avr/4.3.3/avr5\libgcc.a(_mul_sf.o)
